C:\Users\rando\Desktop\year2\Design\final_proj\Movie-Mania\src\main\java\org\example\view\AdminGUI.java
C:\Users\rando\Desktop\year2\Design\final_proj\Movie-Mania\src\main\java\org\example\model\Movie.java
C:\Users\rando\Desktop\year2\Design\final_proj\Movie-Mania\src\main\java\org\example\model\User.java
C:\Users\rando\Desktop\year2\Design\final_proj\Movie-Mania\src\main\java\org\example\view\UserGUI.java
C:\Users\rando\Desktop\year2\Design\final_proj\Movie-Mania\src\main\java\org\example\Main.java
C:\Users\rando\Desktop\year2\Design\final_proj\Movie-Mania\src\main\java\org\example\view\GuestGUI.java
C:\Users\rando\Desktop\year2\Design\final_proj\Movie-Mania\src\main\java\module-info.java
C:\Users\rando\Desktop\year2\Design\final_proj\Movie-Mania\src\main\java\org\example\controller\UserManager.java
C:\Users\rando\Desktop\year2\Design\final_proj\Movie-Mania\src\main\java\org\example\view\MovieViewer.java
C:\Users\rando\Desktop\year2\Design\final_proj\Movie-Mania\src\main\java\org\example\controller\MovieManager.java
C:\Users\rando\Desktop\year2\Design\final_proj\Movie-Mania\src\main\java\org\example\view\LoginGUI.java
